$ /Users/mikhaenkobogdan/.pyenv/versions/3.11.4/bin/python3 /Users/mikhaenkobogdan/Documents/hh-bot/scripts/check_installed_backends.py
[exit_code] 1
[stdout]
[sanity] repo root: /Users/mikhaenkobogdan/Documents/hh-bot
[sanity] python executable: /Users/mikhaenkobogdan/.pyenv/versions/3.11.4/bin/python3
[sanity] PYTHONPATH=''

[stderr]
ERROR:root:code for hash blake2b was not found.
Traceback (most recent call last):
  File "/Users/mikhaenkobogdan/.pyenv/versions/3.11.4/lib/python3.11/hashlib.py", line 307, in <module>
    globals()[__func_name] = __get_hash(__func_name)
                             ^^^^^^^^^^^^^^^^^^^^^^^
  File "/Users/mikhaenkobogdan/.pyenv/versions/3.11.4/lib/python3.11/hashlib.py", line 129, in __get_openssl_constructor
    return __get_builtin_constructor(name)
           ^^^^^^^^^^^^^^^^^^^^^^^^^^^^^^^
  File "/Users/mikhaenkobogdan/.pyenv/versions/3.11.4/lib/python3.11/hashlib.py", line 123, in __get_builtin_constructor
    raise ValueError('unsupported hash type ' + name)
ValueError: unsupported hash type blake2b
ERROR:root:code for hash blake2s was not found.
Traceback (most recent call last):
  File "/Users/mikhaenkobogdan/.pyenv/versions/3.11.4/lib/python3.11/hashlib.py", line 307, in <module>
    globals()[__func_name] = __get_hash(__func_name)
                             ^^^^^^^^^^^^^^^^^^^^^^^
  File "/Users/mikhaenkobogdan/.pyenv/versions/3.11.4/lib/python3.11/hashlib.py", line 129, in __get_openssl_constructor
    return __get_builtin_constructor(name)
           ^^^^^^^^^^^^^^^^^^^^^^^^^^^^^^^
  File "/Users/mikhaenkobogdan/.pyenv/versions/3.11.4/lib/python3.11/hashlib.py", line 123, in __get_builtin_constructor
    raise ValueError('unsupported hash type ' + name)
ValueError: unsupported hash type blake2s
Traceback (most recent call last):
  File "/Users/mikhaenkobogdan/Documents/hh-bot/scripts/check_installed_backends.py", line 51, in <module>
    raise SystemExit(main())
                     ^^^^^^
  File "/Users/mikhaenkobogdan/Documents/hh-bot/scripts/check_installed_backends.py", line 25, in main
    spec = find_spec("hh_applicant_tool.backends")
           ^^^^^^^^^^^^^^^^^^^^^^^^^^^^^^^^^^^^^^^
  File "<frozen importlib.util>", line 94, in find_spec
  File "/Users/mikhaenkobogdan/.pyenv/versions/3.11.4/lib/python3.11/site-packages/hh_applicant_tool/__init__.py", line 1, in <module>
    from .main import HHApplicantTool
  File "/Users/mikhaenkobogdan/.pyenv/versions/3.11.4/lib/python3.11/site-packages/hh_applicant_tool/main.py", line 24, in <module>
    from .backends import ConfigBackend, CookieBackend
ModuleNotFoundError: No module named 'hh_applicant_tool.backends'


$ /Users/mikhaenkobogdan/.pyenv/versions/3.11.4/bin/python3 /Users/mikhaenkobogdan/Documents/hh-bot/scripts/import_smoke_storage.py
[exit_code] 1
[stdout]
[import-smoke] python executable: /Users/mikhaenkobogdan/.pyenv/versions/3.11.4/bin/python3
[import-smoke] PYTHONPATH=''

[stderr]
ERROR:root:code for hash blake2b was not found.
Traceback (most recent call last):
  File "/Users/mikhaenkobogdan/.pyenv/versions/3.11.4/lib/python3.11/hashlib.py", line 307, in <module>
    globals()[__func_name] = __get_hash(__func_name)
                             ^^^^^^^^^^^^^^^^^^^^^^^
  File "/Users/mikhaenkobogdan/.pyenv/versions/3.11.4/lib/python3.11/hashlib.py", line 129, in __get_openssl_constructor
    return __get_builtin_constructor(name)
           ^^^^^^^^^^^^^^^^^^^^^^^^^^^^^^^
  File "/Users/mikhaenkobogdan/.pyenv/versions/3.11.4/lib/python3.11/hashlib.py", line 123, in __get_builtin_constructor
    raise ValueError('unsupported hash type ' + name)
ValueError: unsupported hash type blake2b
ERROR:root:code for hash blake2s was not found.
Traceback (most recent call last):
  File "/Users/mikhaenkobogdan/.pyenv/versions/3.11.4/lib/python3.11/hashlib.py", line 307, in <module>
    globals()[__func_name] = __get_hash(__func_name)
                             ^^^^^^^^^^^^^^^^^^^^^^^
  File "/Users/mikhaenkobogdan/.pyenv/versions/3.11.4/lib/python3.11/hashlib.py", line 129, in __get_openssl_constructor
    return __get_builtin_constructor(name)
           ^^^^^^^^^^^^^^^^^^^^^^^^^^^^^^^
  File "/Users/mikhaenkobogdan/.pyenv/versions/3.11.4/lib/python3.11/hashlib.py", line 123, in __get_builtin_constructor
    raise ValueError('unsupported hash type ' + name)
ValueError: unsupported hash type blake2s
Traceback (most recent call last):
  File "/Users/mikhaenkobogdan/Documents/hh-bot/scripts/import_smoke_storage.py", line 29, in <module>
    raise SystemExit(main())
                     ^^^^^^
  File "/Users/mikhaenkobogdan/Documents/hh-bot/scripts/import_smoke_storage.py", line 17, in main
    backend_module = importlib.import_module("hh_applicant_tool.backends")
                     ^^^^^^^^^^^^^^^^^^^^^^^^^^^^^^^^^^^^^^^^^^^^^^^^^^^^^
  File "/Users/mikhaenkobogdan/.pyenv/versions/3.11.4/lib/python3.11/importlib/__init__.py", line 126, in import_module
    return _bootstrap._gcd_import(name[level:], package, level)
           ^^^^^^^^^^^^^^^^^^^^^^^^^^^^^^^^^^^^^^^^^^^^^^^^^^^^
  File "<frozen importlib._bootstrap>", line 1204, in _gcd_import
  File "<frozen importlib._bootstrap>", line 1176, in _find_and_load
  File "<frozen importlib._bootstrap>", line 1126, in _find_and_load_unlocked
  File "<frozen importlib._bootstrap>", line 241, in _call_with_frames_removed
  File "<frozen importlib._bootstrap>", line 1204, in _gcd_import
  File "<frozen importlib._bootstrap>", line 1176, in _find_and_load
  File "<frozen importlib._bootstrap>", line 1147, in _find_and_load_unlocked
  File "<frozen importlib._bootstrap>", line 690, in _load_unlocked
  File "<frozen importlib._bootstrap_external>", line 940, in exec_module
  File "<frozen importlib._bootstrap>", line 241, in _call_with_frames_removed
  File "/Users/mikhaenkobogdan/.pyenv/versions/3.11.4/lib/python3.11/site-packages/hh_applicant_tool/__init__.py", line 1, in <module>
    from .main import HHApplicantTool
  File "/Users/mikhaenkobogdan/.pyenv/versions/3.11.4/lib/python3.11/site-packages/hh_applicant_tool/main.py", line 24, in <module>
    from .backends import ConfigBackend, CookieBackend
ModuleNotFoundError: No module named 'hh_applicant_tool.backends'


$ /Users/mikhaenkobogdan/.pyenv/versions/3.11.4/bin/python3 -m pip install --force-reinstall /Users/mikhaenkobogdan/Documents/hh-bot/hh-applicant-tool
[exit_code] 0
[stdout]
Processing ./hh-applicant-tool
  Installing build dependencies: started
  Installing build dependencies: finished with status 'done'
  Getting requirements to build wheel: started
  Getting requirements to build wheel: finished with status 'done'
  Preparing metadata (pyproject.toml): started
  Preparing metadata (pyproject.toml): finished with status 'done'
Collecting httpx<0.29.0,>=0.28.1 (from hh-applicant-tool==1.7.5)
  Using cached httpx-0.28.1-py3-none-any.whl (73 kB)
Collecting prettytable<4.0.0,>=3.6.0 (from hh-applicant-tool==1.7.5)
  Using cached prettytable-3.17.0-py3-none-any.whl (34 kB)
Collecting requests[socks]<3.0.0,>=2.32.3 (from hh-applicant-tool==1.7.5)
  Using cached requests-2.32.5-py3-none-any.whl (64 kB)
Collecting anyio (from httpx<0.29.0,>=0.28.1->hh-applicant-tool==1.7.5)
  Using cached anyio-4.12.1-py3-none-any.whl (113 kB)
Collecting certifi (from httpx<0.29.0,>=0.28.1->hh-applicant-tool==1.7.5)
  Using cached certifi-2026.2.25-py3-none-any.whl (153 kB)
Collecting httpcore==1.* (from httpx<0.29.0,>=0.28.1->hh-applicant-tool==1.7.5)
  Using cached httpcore-1.0.9-py3-none-any.whl (78 kB)
Collecting idna (from httpx<0.29.0,>=0.28.1->hh-applicant-tool==1.7.5)
  Using cached idna-3.11-py3-none-any.whl (71 kB)
Collecting h11>=0.16 (from httpcore==1.*->httpx<0.29.0,>=0.28.1->hh-applicant-tool==1.7.5)
  Using cached h11-0.16.0-py3-none-any.whl (37 kB)
Collecting wcwidth (from prettytable<4.0.0,>=3.6.0->hh-applicant-tool==1.7.5)
  Using cached wcwidth-0.6.0-py3-none-any.whl (94 kB)
Collecting charset_normalizer<4,>=2 (from requests[socks]<3.0.0,>=2.32.3->hh-applicant-tool==1.7.5)
  Using cached charset_normalizer-3.4.5-cp311-cp311-macosx_10_9_universal2.whl (279 kB)
Collecting urllib3<3,>=1.21.1 (from requests[socks]<3.0.0,>=2.32.3->hh-applicant-tool==1.7.5)
  Using cached urllib3-2.6.3-py3-none-any.whl (131 kB)
Collecting PySocks!=1.5.7,>=1.5.6 (from requests[socks]<3.0.0,>=2.32.3->hh-applicant-tool==1.7.5)
  Using cached PySocks-1.7.1-py3-none-any.whl (16 kB)
Collecting typing_extensions>=4.5 (from anyio->httpx<0.29.0,>=0.28.1->hh-applicant-tool==1.7.5)
  Using cached typing_extensions-4.15.0-py3-none-any.whl (44 kB)
Building wheels for collected packages: hh-applicant-tool
  Building wheel for hh-applicant-tool (pyproject.toml): started
  Building wheel for hh-applicant-tool (pyproject.toml): finished with status 'done'
  Created wheel for hh-applicant-tool: filename=hh_applicant_tool-1.7.5-py3-none-any.whl size=107304 sha256=b92d8fb38e9d8464dfeac2b1b2ee06ecd4bd5527784ad87f33678a1acc802f4a
  Stored in directory: /private/var/folders/2s/7sdv2cyx3xjb9xr5wn5j6kdm0000gn/T/cursor-sandbox-cache/dc02dac79a659e282bc74701df35d5ad/pip/wheels/98/93/c7/4a73f775fa569cea4a650f796ea0961bca048d0b5da80ad40a
Successfully built hh-applicant-tool
Installing collected packages: wcwidth, urllib3, typing_extensions, PySocks, idna, h11, charset_normalizer, certifi, requests, prettytable, httpcore, anyio, httpx, hh-applicant-tool
  Attempting uninstall: wcwidth
    Found existing installation: wcwidth 0.6.0
    Uninstalling wcwidth-0.6.0:
      Successfully uninstalled wcwidth-0.6.0
  Attempting uninstall: urllib3
    Found existing installation: urllib3 2.6.3
    Uninstalling urllib3-2.6.3:
      Successfully uninstalled urllib3-2.6.3
  Attempting uninstall: typing_extensions
    Found existing installation: typing_extensions 4.15.0
    Uninstalling typing_extensions-4.15.0:
      Successfully uninstalled typing_extensions-4.15.0
  Attempting uninstall: PySocks
    Found existing installation: PySocks 1.7.1
    Uninstalling PySocks-1.7.1:
      Successfully uninstalled PySocks-1.7.1
  Attempting uninstall: idna
    Found existing installation: idna 3.11
    Uninstalling idna-3.11:
      Successfully uninstalled idna-3.11
  Attempting uninstall: h11
    Found existing installation: h11 0.16.0
    Uninstalling h11-0.16.0:
      Successfully uninstalled h11-0.16.0
  Attempting uninstall: charset_normalizer
    Found existing installation: charset-normalizer 3.4.5
    Uninstalling charset-normalizer-3.4.5:
      Successfully uninstalled charset-normalizer-3.4.5
  Attempting uninstall: certifi
    Found existing installation: certifi 2026.2.25
    Uninstalling certifi-2026.2.25:
      Successfully uninstalled certifi-2026.2.25
  Attempting uninstall: requests
    Found existing installation: requests 2.32.5
    Uninstalling requests-2.32.5:
      Successfully uninstalled requests-2.32.5
  Attempting uninstall: prettytable
    Found existing installation: prettytable 3.17.0
    Uninstalling prettytable-3.17.0:
      Successfully uninstalled prettytable-3.17.0
  Attempting uninstall: httpcore
    Found existing installation: httpcore 1.0.9
    Uninstalling httpcore-1.0.9:
      Successfully uninstalled httpcore-1.0.9
  Attempting uninstall: anyio
    Found existing installation: anyio 4.12.1
    Uninstalling anyio-4.12.1:
      Successfully uninstalled anyio-4.12.1
  Attempting uninstall: httpx
    Found existing installation: httpx 0.28.1
    Uninstalling httpx-0.28.1:
      Successfully uninstalled httpx-0.28.1
  Attempting uninstall: hh-applicant-tool
    Found existing installation: hh-applicant-tool 1.7.5
    Uninstalling hh-applicant-tool-1.7.5:
      Successfully uninstalled hh-applicant-tool-1.7.5
Successfully installed PySocks-1.7.1 anyio-4.12.1 certifi-2026.2.25 charset_normalizer-3.4.5 h11-0.16.0 hh-applicant-tool-1.7.5 httpcore-1.0.9 httpx-0.28.1 idna-3.11 prettytable-3.17.0 requests-2.32.5 typing_extensions-4.15.0 urllib3-2.6.3 wcwidth-0.6.0

[stderr]
ERROR:root:code for hash blake2b was not found.
Traceback (most recent call last):
  File "/Users/mikhaenkobogdan/.pyenv/versions/3.11.4/lib/python3.11/hashlib.py", line 307, in <module>
    globals()[__func_name] = __get_hash(__func_name)
                             ^^^^^^^^^^^^^^^^^^^^^^^
  File "/Users/mikhaenkobogdan/.pyenv/versions/3.11.4/lib/python3.11/hashlib.py", line 129, in __get_openssl_constructor
    return __get_builtin_constructor(name)
           ^^^^^^^^^^^^^^^^^^^^^^^^^^^^^^^
  File "/Users/mikhaenkobogdan/.pyenv/versions/3.11.4/lib/python3.11/hashlib.py", line 123, in __get_builtin_constructor
    raise ValueError('unsupported hash type ' + name)
ValueError: unsupported hash type blake2b
ERROR:root:code for hash blake2s was not found.
Traceback (most recent call last):
  File "/Users/mikhaenkobogdan/.pyenv/versions/3.11.4/lib/python3.11/hashlib.py", line 307, in <module>
    globals()[__func_name] = __get_hash(__func_name)
                             ^^^^^^^^^^^^^^^^^^^^^^^
  File "/Users/mikhaenkobogdan/.pyenv/versions/3.11.4/lib/python3.11/hashlib.py", line 129, in __get_openssl_constructor
    return __get_builtin_constructor(name)
           ^^^^^^^^^^^^^^^^^^^^^^^^^^^^^^^
  File "/Users/mikhaenkobogdan/.pyenv/versions/3.11.4/lib/python3.11/hashlib.py", line 123, in __get_builtin_constructor
    raise ValueError('unsupported hash type ' + name)
ValueError: unsupported hash type blake2s

[notice] A new release of pip is available: 23.1.2 -> 26.0.1
[notice] To update, run: pip install --upgrade pip


$ /Users/mikhaenkobogdan/.pyenv/versions/3.11.4/bin/python3 /Users/mikhaenkobogdan/Documents/hh-bot/scripts/check_installed_backends.py
[exit_code] 0
[stdout]
[sanity] repo root: /Users/mikhaenkobogdan/Documents/hh-bot
[sanity] python executable: /Users/mikhaenkobogdan/.pyenv/versions/3.11.4/bin/python3
[sanity] PYTHONPATH=''
[sanity] hh_applicant_tool.backends path: /Users/mikhaenkobogdan/.pyenv/versions/3.11.4/lib/python3.11/site-packages/hh_applicant_tool/backends.py
[sanity] hh_applicant_tool package path: /Users/mikhaenkobogdan/.pyenv/versions/3.11.4/lib/python3.11/site-packages/hh_applicant_tool/__init__.py
[sanity] PASS

[stderr]
ERROR:root:code for hash blake2b was not found.
Traceback (most recent call last):
  File "/Users/mikhaenkobogdan/.pyenv/versions/3.11.4/lib/python3.11/hashlib.py", line 307, in <module>
    globals()[__func_name] = __get_hash(__func_name)
                             ^^^^^^^^^^^^^^^^^^^^^^^
  File "/Users/mikhaenkobogdan/.pyenv/versions/3.11.4/lib/python3.11/hashlib.py", line 129, in __get_openssl_constructor
    return __get_builtin_constructor(name)
           ^^^^^^^^^^^^^^^^^^^^^^^^^^^^^^^
  File "/Users/mikhaenkobogdan/.pyenv/versions/3.11.4/lib/python3.11/hashlib.py", line 123, in __get_builtin_constructor
    raise ValueError('unsupported hash type ' + name)
ValueError: unsupported hash type blake2b
ERROR:root:code for hash blake2s was not found.
Traceback (most recent call last):
  File "/Users/mikhaenkobogdan/.pyenv/versions/3.11.4/lib/python3.11/hashlib.py", line 307, in <module>
    globals()[__func_name] = __get_hash(__func_name)
                             ^^^^^^^^^^^^^^^^^^^^^^^
  File "/Users/mikhaenkobogdan/.pyenv/versions/3.11.4/lib/python3.11/hashlib.py", line 129, in __get_openssl_constructor
    return __get_builtin_constructor(name)
           ^^^^^^^^^^^^^^^^^^^^^^^^^^^^^^^
  File "/Users/mikhaenkobogdan/.pyenv/versions/3.11.4/lib/python3.11/hashlib.py", line 123, in __get_builtin_constructor
    raise ValueError('unsupported hash type ' + name)
ValueError: unsupported hash type blake2s


$ /Users/mikhaenkobogdan/.pyenv/versions/3.11.4/bin/python3 /Users/mikhaenkobogdan/Documents/hh-bot/scripts/import_smoke_storage.py
[exit_code] 0
[stdout]
[import-smoke] python executable: /Users/mikhaenkobogdan/.pyenv/versions/3.11.4/bin/python3
[import-smoke] PYTHONPATH=''
[import-smoke] hh_applicant_tool.backends path: /Users/mikhaenkobogdan/.pyenv/versions/3.11.4/lib/python3.11/site-packages/hh_applicant_tool/backends.py
[import-smoke] PASS: imported bot.storage.filesystem and bot.storage.postgres

[stderr]
ERROR:root:code for hash blake2b was not found.
Traceback (most recent call last):
  File "/Users/mikhaenkobogdan/.pyenv/versions/3.11.4/lib/python3.11/hashlib.py", line 307, in <module>
    globals()[__func_name] = __get_hash(__func_name)
                             ^^^^^^^^^^^^^^^^^^^^^^^
  File "/Users/mikhaenkobogdan/.pyenv/versions/3.11.4/lib/python3.11/hashlib.py", line 129, in __get_openssl_constructor
    return __get_builtin_constructor(name)
           ^^^^^^^^^^^^^^^^^^^^^^^^^^^^^^^
  File "/Users/mikhaenkobogdan/.pyenv/versions/3.11.4/lib/python3.11/hashlib.py", line 123, in __get_builtin_constructor
    raise ValueError('unsupported hash type ' + name)
ValueError: unsupported hash type blake2b
ERROR:root:code for hash blake2s was not found.
Traceback (most recent call last):
  File "/Users/mikhaenkobogdan/.pyenv/versions/3.11.4/lib/python3.11/hashlib.py", line 307, in <module>
    globals()[__func_name] = __get_hash(__func_name)
                             ^^^^^^^^^^^^^^^^^^^^^^^
  File "/Users/mikhaenkobogdan/.pyenv/versions/3.11.4/lib/python3.11/hashlib.py", line 129, in __get_openssl_constructor
    return __get_builtin_constructor(name)
           ^^^^^^^^^^^^^^^^^^^^^^^^^^^^^^^
  File "/Users/mikhaenkobogdan/.pyenv/versions/3.11.4/lib/python3.11/hashlib.py", line 123, in __get_builtin_constructor
    raise ValueError('unsupported hash type ' + name)
ValueError: unsupported hash type blake2s

